[0.017s][info][gc] Using Serial
[2.703s][info][gc] GC(0) Pause Young (Allocation Failure) 4M->2M(15M) 18.835ms
[2.973s][info][gc] GC(1) Pause Young (Allocation Failure) 6M->2M(15M) 11.012ms
[3.150s][info][gc] GC(2) Pause Young (Allocation Failure) 7M->4M(15M) 17.904ms
[3.477s][info][gc] GC(3) Pause Young (Allocation Failure) 8M->4M(15M) 6.203ms
[6.851s][info][gc] GC(4) Pause Young (Allocation Failure) 8M->5M(15M) 8.661ms
[40.890s][info][gc] GC(5) Pause Young (Allocation Failure) 9M->5M(15M) 3.395ms
[42.652s][info][gc] GC(6) Pause Young (Allocation Failure) 9M->5M(15M) 1.613ms
[42.672s][info][gc] GC(7) Pause Young (Allocation Failure) 9M->5M(15M) 2.097ms
[42.692s][info][gc] GC(8) Pause Young (Allocation Failure) 9M->5M(15M) 1.564ms
[42.750s][info][gc] GC(9) Pause Young (Allocation Failure) 9M->5M(15M) 2.138ms
[42.765s][info][gc] GC(10) Pause Young (Allocation Failure) 9M->5M(15M) 1.403ms
[42.779s][info][gc] GC(11) Pause Young (Allocation Failure) 9M->5M(15M) 1.651ms
[42.792s][info][gc] GC(12) Pause Young (Allocation Failure) 9M->5M(15M) 1.506ms
[42.803s][info][gc] GC(13) Pause Young (Allocation Failure) 9M->5M(15M) 1.561ms
[42.813s][info][gc] GC(14) Pause Young (Allocation Failure) 9M->5M(15M) 1.165ms
[42.822s][info][gc] GC(15) Pause Young (Allocation Failure) 9M->5M(15M) 1.575ms
[42.830s][info][gc] GC(16) Pause Young (Allocation Failure) 9M->5M(15M) 1.208ms
[42.837s][info][gc] GC(17) Pause Young (Allocation Failure) 9M->5M(15M) 1.728ms
[42.843s][info][gc] GC(18) Pause Young (Allocation Failure) 9M->5M(15M) 1.079ms
[42.849s][info][gc] GC(19) Pause Young (Allocation Failure) 9M->5M(15M) 1.166ms
[42.855s][info][gc] GC(20) Pause Young (Allocation Failure) 9M->5M(15M) 1.149ms
[42.862s][info][gc] GC(21) Pause Young (Allocation Failure) 9M->5M(15M) 1.386ms
[42.868s][info][gc] GC(22) Pause Young (Allocation Failure) 9M->5M(15M) 1.103ms
[42.875s][info][gc] GC(23) Pause Young (Allocation Failure) 9M->5M(15M) 1.070ms
[70.899s][info][gc] GC(24) Pause Young (Allocation Failure) 9M->5M(15M) 1.228ms
[102.797s][info][gc] GC(25) Pause Young (Allocation Failure) 9M->5M(15M) 1.422ms
[102.804s][info][gc] GC(26) Pause Young (Allocation Failure) 9M->5M(15M) 1.628ms
[102.810s][info][gc] GC(27) Pause Young (Allocation Failure) 9M->5M(15M) 0.844ms
[102.816s][info][gc] GC(28) Pause Young (Allocation Failure) 9M->5M(15M) 1.043ms
[102.822s][info][gc] GC(29) Pause Young (Allocation Failure) 9M->5M(15M) 0.889ms
[102.827s][info][gc] GC(30) Pause Young (Allocation Failure) 9M->5M(15M) 0.868ms
[102.833s][info][gc] GC(31) Pause Young (Allocation Failure) 9M->5M(15M) 1.069ms
[102.838s][info][gc] GC(32) Pause Young (Allocation Failure) 9M->5M(15M) 1.052ms
[102.843s][info][gc] GC(33) Pause Young (Allocation Failure) 9M->5M(15M) 0.860ms
[102.849s][info][gc] GC(34) Pause Young (Allocation Failure) 9M->5M(15M) 0.881ms
[102.854s][info][gc] GC(35) Pause Young (Allocation Failure) 9M->5M(15M) 1.412ms
[102.860s][info][gc] GC(36) Pause Young (Allocation Failure) 9M->5M(15M) 0.937ms
[102.865s][info][gc] GC(37) Pause Young (Allocation Failure) 9M->5M(15M) 0.883ms
[102.870s][info][gc] GC(38) Pause Young (Allocation Failure) 9M->5M(15M) 1.237ms
[102.874s][info][gc] GC(39) Pause Young (Allocation Failure) 9M->5M(15M) 1.248ms
[102.878s][info][gc] GC(40) Pause Young (Allocation Failure) 9M->5M(15M) 1.030ms
[102.882s][info][gc] GC(41) Pause Young (Allocation Failure) 9M->5M(15M) 0.969ms
[102.887s][info][gc] GC(42) Pause Young (Allocation Failure) 9M->5M(15M) 1.398ms
[118.937s][info][gc] GC(43) Pause Young (Allocation Failure) 9M->5M(15M) 1.387ms
[156.972s][info][gc] GC(44) Pause Young (Allocation Failure) 9M->5M(15M) 0.880ms
